// Jest Snapshot v1, https://goo.gl/fbAQLP

exports[`Snapshot 1`] = `
{
  "Parameters": {
    "BootstrapVersion": {
      "Default": "/cdk-bootstrap/hnb659fds/version",
      "Description": "Version of the CDK Bootstrap resources in this environment, automatically retrieved from SSM Parameter Store. [cdk:skip]",
      "Type": "AWS::SSM::Parameter::Value<String>",
    },
  },
  "Resources": {
    "LexBotRole0FBFF464": {
      "Properties": {
        "AssumeRolePolicyDocument": {
          "Statement": [
            {
              "Action": "sts:AssumeRole",
              "Effect": "Allow",
              "Principal": {
                "Service": "lexv2.amazonaws.com",
              },
            },
          ],
          "Version": "2012-10-17",
        },
        "Policies": [
          {
            "PolicyDocument": {
              "Statement": [
                {
                  "Action": "comprehend:DetectSentiment",
                  "Effect": "Allow",
                  "Resource": "*",
                },
              ],
              "Version": "2012-10-17",
            },
            "PolicyName": "LexRuntimeRolePolicy",
          },
        ],
      },
      "Type": "AWS::IAM::Role",
    },
    "LunchBot": {
      "Properties": {
        "AutoBuildBotLocales": true,
        "BotFileS3Location": {
          "S3Bucket": {
            "Fn::Sub": "cdk-hnb659fds-assets-\${AWS::AccountId}-\${AWS::Region}",
          },
          "S3ObjectKey": "6fbb7fa52f758304758a215b8e543727f3ce53f76d5369b196dff8f290c319e5.json",
        },
        "DataPrivacy": {
          "ChildDirected": true,
        },
        "IdleSessionTTLInSeconds": 300,
        "Name": "LunchBot",
        "RoleArn": {
          "Fn::GetAtt": [
            "LexBotRole0FBFF464",
            "Arn",
          ],
        },
        "TestBotAliasSettings": {
          "BotAliasLocaleSettings": [
            {
              "BotAliasLocaleSetting": {
                "Enabled": true,
              },
              "LocaleId": "fi_FI",
            },
          ],
        },
      },
      "Type": "AWS::Lex::Bot",
    },
    "LunchBotVersion": {
      "Properties": {
        "BotId": {
          "Ref": "LunchBot",
        },
        "BotVersionLocaleSpecification": [
          {
            "BotVersionLocaleDetails": {
              "SourceBotVersion": "DRAFT",
            },
            "LocaleId": "fi_FI",
          },
        ],
      },
      "Type": "AWS::Lex::BotVersion",
    },
    "events26E65764": {
      "DependsOn": [
        "eventsServiceRoleDefaultPolicy0ED9FBCB",
        "eventsServiceRole1EB7A0C9",
      ],
      "Properties": {
        "Code": {
          "S3Bucket": {
            "Fn::Sub": "cdk-hnb659fds-assets-\${AWS::AccountId}-\${AWS::Region}",
          },
          "S3Key": "643640686b9566ee92d2298c2bfc960853337b2641217c40ad946f54de89c185.zip",
        },
        "Environment": {
          "Variables": {
            "BOT_ALIAS_ID": {
              "Fn::GetAtt": [
                "prodBotAlias",
                "BotAliasId",
              ],
            },
            "BOT_ID": {
              "Ref": "LunchBot",
            },
            "POWERTOOLS_LOG_LEVEL": "DEBUG",
          },
        },
        "Handler": "index.handler",
        "Role": {
          "Fn::GetAtt": [
            "eventsServiceRole1EB7A0C9",
            "Arn",
          ],
        },
        "Runtime": "nodejs20.x",
      },
      "Type": "AWS::Lambda::Function",
    },
    "eventsServiceRole1EB7A0C9": {
      "Properties": {
        "AssumeRolePolicyDocument": {
          "Statement": [
            {
              "Action": "sts:AssumeRole",
              "Effect": "Allow",
              "Principal": {
                "Service": "lambda.amazonaws.com",
              },
            },
          ],
          "Version": "2012-10-17",
        },
        "ManagedPolicyArns": [
          {
            "Fn::Join": [
              "",
              [
                "arn:",
                {
                  "Ref": "AWS::Partition",
                },
                ":iam::aws:policy/service-role/AWSLambdaBasicExecutionRole",
              ],
            ],
          },
        ],
      },
      "Type": "AWS::IAM::Role",
    },
    "eventsServiceRoleDefaultPolicy0ED9FBCB": {
      "Properties": {
        "PolicyDocument": {
          "Statement": [
            {
              "Action": "lex:StartConversation",
              "Effect": "Allow",
              "Resource": {
                "Fn::Join": [
                  "",
                  [
                    "arn:aws:lex:",
                    {
                      "Ref": "AWS::Region",
                    },
                    ":",
                    {
                      "Ref": "AWS::AccountId",
                    },
                    ":bot-alias/",
                    {
                      "Fn::GetAtt": [
                        "LunchBot",
                        "Id",
                      ],
                    },
                    "/*",
                  ],
                ],
              },
            },
          ],
          "Version": "2012-10-17",
        },
        "PolicyName": "eventsServiceRoleDefaultPolicy0ED9FBCB",
        "Roles": [
          {
            "Ref": "eventsServiceRole1EB7A0C9",
          },
        ],
      },
      "Type": "AWS::IAM::Policy",
    },
    "prodBotAlias": {
      "Properties": {
        "BotAliasLocaleSettings": [
          {
            "BotAliasLocaleSetting": {
              "Enabled": true,
            },
            "LocaleId": "fi_FI",
          },
        ],
        "BotAliasName": "prod",
        "BotId": {
          "Ref": "LunchBot",
        },
        "BotVersion": {
          "Fn::GetAtt": [
            "LunchBotVersion",
            "BotVersion",
          ],
        },
        "SentimentAnalysisSettings": {
          "DetectSentiment": true,
        },
      },
      "Type": "AWS::Lex::BotAlias",
    },
  },
  "Rules": {
    "CheckBootstrapVersion": {
      "Assertions": [
        {
          "Assert": {
            "Fn::Not": [
              {
                "Fn::Contains": [
                  [
                    "1",
                    "2",
                    "3",
                    "4",
                    "5",
                  ],
                  {
                    "Ref": "BootstrapVersion",
                  },
                ],
              },
            ],
          },
          "AssertDescription": "CDK bootstrap stack version 6 required. Please run 'cdk bootstrap' with a recent version of the CDK CLI.",
        },
      ],
    },
  },
}
`;
